// Jest Snapshot v1, https://goo.gl/fbAQLP

exports[`<App /> should render correctly 1`] = `
<DocumentFragment>
  <div>
    <div>
      <div
        class="container"
      >
        <input
          class="textBar"
          placeholder="Type something..."
          value=""
        />
        <select
          class="dropDown"
          id="engines"
          name="searchEngines"
        >
          <option
            value="google"
          >
            Google
          </option>
          <option
            value="bing"
          >
            Bing
          </option>
          <option
            value="both"
          >
            Both
          </option>
        </select>
        <button
          class="button"
          type="button"
        >
          Search
        </button>
      </div>
      <div>
        <div>
          <div
            class="resultListContainer"
          />
        </div>
      </div>
    </div>
  </div>
</DocumentFragment>
`;
